%!Adobe-FontList 1.24
%Locale:0xc0a

%BeginFont
Handler:DirectoryHandler
FontType:TrueType
FontName:Amarillo
FamilyName:Amarillo
StyleName:Regular
FullName:Amarillo
MenuName:Amarillo
StyleBits:0
WritingScript:Roman
OutlineFileName:C:\Users\Sebastián\Desktop\Carpeta Tacus2\Document fonts\Amarillo.ttf
DataFormat:sfntData
hasSVG:no
hasCOLR:no
VariableFontType:NonVariableFont
FileLength:140692
FileModTime:1478028576
WeightClass:400
WidthClass:5
AngleClass:0
NameArray:0,Mac,18,Amarillo
NameArray:0,Mac,4,Amarillo
NameArray:0,Win,1,Amarillo
%EndFont

%BeginFont
Handler:DirectoryHandler
FontType:TrueType
FontName:LilyScriptOne-Regular
FamilyName:Lily Script One
StyleName:Regular
FullName:Lily Script One
MenuName:Lily Script One
StyleBits:0
WritingScript:Roman
OutlineFileName:C:\Users\Sebastián\Desktop\Carpeta Tacus2\Document fonts\LilyScriptOne-Regular.ttf
DataFormat:sfntData
hasSVG:no
hasCOLR:no
VariableFontType:NonVariableFont
FileLength:35468
FileModTime:1757372758
WeightClass:400
WidthClass:5
AngleClass:0
NameArray:0,Win,1,Lily Script One
%EndFont

%BeginFont
Handler:DirectoryHandler
FontType:Type1
FontName:MinionPro-Regular
FamilyName:Minion Pro
StyleName:Regular
FullName:Minion Pro
MenuName:Minion Pro
StyleBits:0
WritingScript:Roman
OutlineFileName:C:\Users\Sebastián\Desktop\Carpeta Tacus2\Document fonts\MinionPro-Regular.otf
DataFormat:sfntData
UsesStandardEncoding:yes
isCFF:yes
hasSVG:no
hasCOLR:no
VariableFontType:NonVariableFont
FileLength:218640
FileModTime:1363386332
WeightClass:400
WidthClass:5
AngleClass:0
DesignSize:110
NameArray:0,Mac,4,Minion Pro
NameArray:0,Win,1,Minion Pro
%EndFont

%BeginFont
Handler:DirectoryHandler
FontType:TrueType
FontName:Poppins-ExtraLightItalic
FamilyName:Poppins
StyleName:ExtraLight Italic
FullName:Poppins ExtraLight Italic
MenuName:Poppins ExtraLight
StyleBits:1
WritingScript:Roman
OutlineFileName:C:\Users\Sebastián\Desktop\Carpeta Tacus2\Document fonts\Poppins-ExtraLightItalic.ttf
DataFormat:sfntData
hasSVG:no
hasCOLR:no
VariableFontType:NonVariableFont
FileLength:186168
FileModTime:1733344266
WeightClass:275
WidthClass:5
AngleClass:1
NameArray:0,Win,1,Poppins ExtraLight
NameArray:0,Win,16,Poppins
%EndFont

%BeginFont
Handler:DirectoryHandler
FontType:TrueType
FontName:Poppins-Italic
FamilyName:Poppins
StyleName:Italic
FullName:Poppins Italic
MenuName:Poppins
StyleBits:1
WritingScript:Roman
OutlineFileName:C:\Users\Sebastián\Desktop\Carpeta Tacus2\Document fonts\Poppins-Italic.ttf
DataFormat:sfntData
hasSVG:no
hasCOLR:no
VariableFontType:NonVariableFont
FileLength:182012
FileModTime:1733344266
WeightClass:400
WidthClass:5
AngleClass:1
NameArray:0,Win,1,Poppins
%EndFont

%BeginFont
Handler:DirectoryHandler
FontType:TrueType
FontName:Poppins-Regular
FamilyName:Poppins
StyleName:Regular
FullName:Poppins Regular
MenuName:Poppins
StyleBits:0
WritingScript:Roman
OutlineFileName:C:\Users\Sebastián\Desktop\Carpeta Tacus2\Document fonts\Poppins-Regular.ttf
DataFormat:sfntData
hasSVG:no
hasCOLR:no
VariableFontType:NonVariableFont
FileLength:158240
FileModTime:1733344266
WeightClass:400
WidthClass:5
AngleClass:0
NameArray:0,Win,1,Poppins
%EndFont

